// Jest Snapshot v1, https://goo.gl/fbAQLP

exports[`withSx 1`] = `
Array [
  "{\\"__css\\":{\\"borderRadius\\":\\"md\\"}}",
  <span />,
]
`;
